// Jest Snapshot v1, https://goo.gl/fbAQLP

exports[`should render EditExpensePage correctly 1`] = `
<div>
  <styled.div>
    <styled.h1>
      Edit Expense
    </styled.h1>
  </styled.div>
  <styled.div>
    <ExpenseForm
      expense={
        Object {
          "amount": 12,
          "createdAt": 0,
          "description": "Bill",
          "id": "0",
          "note": "This was the final payment for that address",
        }
      }
      onSubmit={[Function]}
    />
    <Styled(styled.button)
      onClick={[Function]}
    >
      Remove Expense
    </Styled(styled.button)>
  </styled.div>
</div>
`;
