// Jest Snapshot v1, https://goo.gl/fbAQLP

exports[`should render ExpenseListItem with an expense 1`] = `
<Styled(Link)
  to="/edit/0"
>
  <div>
    <styled.h3>
      Bill
    </styled.h3>
    <styled.span>
      January  1st, 1970
       
    </styled.span>
  </div>
  <styled.h3>
    $0.12
  </styled.h3>
</Styled(Link)>
`;
