// Jest Snapshot v1, https://goo.gl/fbAQLP

exports[`should render Header correctly 1`] = `
<styled.header>
  <styled.div>
    <styled.div>
      <Link
        replace={false}
        to="/dashboard"
      >
        <styled.h1>
          Expensify
        </styled.h1>
      </Link>
      <styled.button
        onClick={[Function]}
      >
        Logout
      </styled.button>
    </styled.div>
  </styled.div>
</styled.header>
`;
